// Jest Snapshot v1, https://goo.gl/fbAQLP

exports[`renders 1`] = `
.c0 {
  display: block;
  float: left;
  width: calc(3rem + 4px);
  height: calc(3rem + 4px);
  -webkit-transition: background-color 0.2s ease-in-out;
  transition: background-color 0.2s ease-in-out;
}

.c0:hover {
  background-color: #6c7a89;
}

.c0 a {
  display: block;
  padding: 0.75rem;
  border-width: 2px;
  border-style: solid;
  border-color: transparent;
  -webkit-transition: border-color 0.2s ease-in-out;
  transition: border-color 0.2s ease-in-out;
}

.c0 a:focus {
  outline: 0;
  border-color: #38EF7D;
  border-radius: 4px;
}

.c0 a img {
  display: block;
  width: 1.5rem;
  height: 1.5rem;
}

<li
  className="c0"
  title="Qwe"
>
  <a
    href="/"
    onClick={[Function]}
  >
    <img
      alt="Qwe"
      src=""
    />
  </a>
</li>
`;
