// Jest Snapshot v1, https://goo.gl/fbAQLP

exports[`renders 1`] = `
.c0 {
  display: block;
  float: left;
  width: 48px;
  height: 48px;
  -webkit-transition: background-color 0.15s ease-in-out;
  transition: background-color 0.15s ease-in-out;
}

.c0:hover {
  background-color: rgb(64,64,64);
}

.c0 a {
  display: block;
  padding: 12px;
}

.c0 a:focus {
  outline: 2px solid #38EF7D;
}

.c0 a img {
  display: block;
  width: 24px;
  height: 24px;
}

<li
  className="c0"
  title="Qwe"
>
  <a
    href="/"
    onClick={[Function]}
  >
    <img
      alt="Qwe"
      src=""
    />
  </a>
</li>
`;
