// Jest Snapshot v1, https://goo.gl/fbAQLP

exports[`renders 1`] = `
.c0 {
  display: -webkit-box;
  display: -webkit-flex;
  display: -ms-flexbox;
  display: flex;
  -webkit-flex-direction: row;
  -ms-flex-direction: row;
  flex-direction: row;
  list-style-type: none;
  background-color: #2e3131;
  overflow: scroll;
  box-shadow: 0 2px 4px rgb(172,172,172);
}

<ul
  className="c0"
/>
`;
