// Jest Snapshot v1, https://goo.gl/fbAQLP

exports[`renders 1`] = `
.c0 .component--list {
  margin-left: 1.5rem;
}

.c0 .component--list .component--list-item:first-of-type {
  margin-top: 0.25rem;
}

.c0 .component--list + .component--list-item {
  margin-top: 0.25rem;
}

.c0 .component--list-item + .component--list-item {
  margin-top: 0.25rem;
}

.c1 {
  position: relative;
  display: block;
  width: 100%;
  height: 2rem;
  list-style-type: none;
  border-width: 2px;
  border-style: solid;
  border-color: transparent;
  border-radius: 4px;
  background-color: transparent;
  -webkit-transition: border-color 0.2s ease-in-out;
  transition: border-color 0.2s ease-in-out;
  outline: 0;
  cursor: default;
}

.c1.selected {
  background-color: #dadfe1;
}

.c1:focus {
  border-color: #38EF7D;
}

.c1 > img {
  display: block;
  float: left;
  width: 1.5rem;
  height: 1.5rem;
  margin-top: 0.3rem;
  margin-bottom: 0.3rem;
  margin-left: 0.3rem;
}

.c1 > span {
  display: block;
  float: left;
  height: 1.5rem;
  line-height: 1.5rem;
  margin-top: 0.3rem;
  margin-bottom: 0.3rem;
  margin-left: 0.5rem;
  font-family: -apple-system,BlinkMacSystemFont,"Segoe UI",sans-serif;
  font-weight: 400;
  -webkit-text-size-adjust: 100%;
  text-size-adjust: 100%;
  -webkit-font-smoothing: antialiased;
  color: #2e3131;
}

.c1:hover > .actions {
  visibility: visible;
  opacity: 1;
}

.c1 > .actions {
  position: absolute;
  top: 0;
  right: 0;
  height: 2rem;
  -webkit-transition: opacity 0.1s ease-in-out;
  transition: opacity 0.1s ease-in-out;
  visibility: hidden;
  opacity: 0;
}

.c1 > .actions img {
  display: block;
  float: left;
  width: 1.5rem;
  height: 1.5rem;
  margin-top: 0.25rem;
  margin-left: 0.25rem;
  opacity: 0.5;
  border-radius: 4px;
  -webkit-transition: opacity 0.1s ease-in-out,background-color 0.1s ease-in-out;
  transition: opacity 0.1s ease-in-out,background-color 0.1s ease-in-out;
  outline: 0;
}

.c1 > .actions img:focus {
  opacity: 1;
  background-color: #38EF7D;
}

.c1 > .actions img:hover {
  opacity: 1;
}

<ul
  className="component--list c0"
>
  <li
    className="component--list-item c1"
    onClick={[Function]}
    onTouchStart={[Function]}
    style={Object {}}
  >
    <img
      alt=""
      src=""
    />
    <span>
      List Item 1
    </span>
    <div
      className="actions"
    />
  </li>
  <li
    className="component--list-item c1"
    onClick={[Function]}
    onTouchStart={[Function]}
    style={Object {}}
  >
    <img
      alt=""
      src=""
    />
    <span>
      List Item 2
    </span>
    <div
      className="actions"
    />
  </li>
</ul>
`;
