// Jest Snapshot v1, https://goo.gl/fbAQLP

exports[`renders 1`] = `
.c0 {
  position: relative;
  display: -webkit-box;
  display: -webkit-flex;
  display: -ms-flexbox;
  display: flex;
  -webkit-flex-shrink: 0;
  -ms-flex-negative: 0;
  flex-shrink: 0;
  height: calc(3rem + 4px);
  background-color: #2e3131;
}

.c0 ul {
  position: absolute;
  top: calc(3rem + 4px + 0.5rem);
  right: 0;
  min-width: 128px;
  list-style-type: none;
  background-color: red;
  border-radius: 4px;
  box-shadow: 0 2px 4px rgb(172,172,172);
}

.c0 ul li {
  padding: 0.75rem;
  font-family: -apple-system,BlinkMacSystemFont,"Segoe UI",sans-serif;
  font-weight: 400;
  -webkit-text-size-adjust: 100%;
  text-size-adjust: 100%;
  -webkit-font-smoothing: antialiased;
  background-color: white;
  cursor: default;
}

.c0 ul li + li {
  border-top: 1px solid rgb(220,220,200);
}

.c0 ul li:first-of-type {
  border-top-left-radius: 4px;
  border-top-right-radius: 4px;
}

.c0 ul li:last-of-type {
  border-bottom-left-radius: 4px;
  border-bottom-right-radius: 4px;
}

.c0 button {
  display: block;
  padding: 0.75rem;
  border-width: 2px;
  border-style: solid;
  border-color: transparent;
  outline: 0;
  background-color: transparent;
  -webkit-transition: background-color 0.2s ease-in-out,border-color 0.2s ease-in-out,opacity 0.5s ease-in-out;
  transition: background-color 0.2s ease-in-out,border-color 0.2s ease-in-out,opacity 0.5s ease-in-out;
  overflow: hidden;
}

.c0 button:focus {
  border-color: #38EF7D;
  border-radius: 4px;
}

.c0 button img {
  display: block;
  float: left;
  width: 1.5rem;
  height: 1.5rem;
}

.c0 button span {
  display: block;
  height: 1.5rem;
  margin-left: 0.75rem;
  margin-right: 0.75rem;
  line-height: 1.5rem;
  color: #ffffff;
  font-family: -apple-system,BlinkMacSystemFont,"Segoe UI",sans-serif;
  font-weight: 400;
  -webkit-text-size-adjust: 100%;
  text-size-adjust: 100%;
  -webkit-font-smoothing: antialiased;
  white-space: nowrap;
  text-overflow: ellipsis;
  overflow: hidden;
}

.c0 button img + span {
  margin-left: 2rem;
}

.c0 button.significant {
  background-color: white;
}

.c0 button.fixed-width {
  width: 100%;
  text-align: left;
}

.c0 button.selected:not(.significant) {
  background-color: #6c7a89;
}

.c0 button[disabled] {
  opacity: 0.25;
}

.c0 button[disabled]:not(.fixed-width) {
  cursor: not-allowed;
}

.c0 button:hover:not([disabled]):not(.significant):not(.fixed-width) {
  background-color: #6c7a89;
}

<li
  className="c0"
  title="Qwe"
>
  <button
    className="selected"
    disabled={false}
    onClick={[Function]}
    style={Object {}}
  >
    
  </button>
</li>
`;
