// Jest Snapshot v1, https://goo.gl/fbAQLP

exports[`Uploader renders 1`] = `
.c0 {
  position: relative;
  border: 2px dashed #dadfe1;
  border-radius: 4px;
  cursor: copy;
}

.c0.component--uploader-in-progress {
  cursor: wait;
}

.c0.component--uploader-done {
  cursor: default;
}

.c0 > div {
  position: absolute;
  top: 50%;
  left: 50%;
  -webkit-transform: translate(-50%,-50%);
  -ms-transform: translate(-50%,-50%);
  transform: translate(-50%,-50%);
}

.c0 > div img.icon {
  display: block;
  width: 48px;
  height: 48px;
  margin: 0 auto 0.25rem auto;
}

.c0 > div img.icon--in-progress {
  -webkit-animation: oscar-in-progress 4s linear infinite;
  animation: oscar-in-progress 4s linear infinite;
}

.c0 > div p {
  padding: 0.5rem 1rem 0.5rem 1rem;
  font-family: -apple-system,BlinkMacSystemFont,"Segoe UI",sans-serif;
  font-weight: 400;
  -webkit-text-size-adjust: 100%;
  text-size-adjust: 100%;
  -webkit-font-smoothing: antialiased;
  font-size: 90%;
  text-align: center;
  color: #6c7a89;
}

<div
  className="component--uploader c0"
>
  <div
    aria-disabled={false}
    className=""
    onClick={[Function]}
    onDragEnter={[Function]}
    onDragLeave={[Function]}
    onDragOver={[Function]}
    onDragStart={[Function]}
    onDrop={[Function]}
    style={
      Object {
        "position": "relative",
      }
    }
  >
    <div>
      <img
        alt=""
        className="icon"
        src="upload.svg"
      />
      <p>
        Drop a file here or touch to upload.
      </p>
    </div>
    <input
      accept="audio/wav"
      autoComplete="off"
      disabled={false}
      multiple={true}
      onChange={[Function]}
      style={
        Object {
          "bottom": 0,
          "left": 0,
          "opacity": 0.00001,
          "pointerEvents": "none",
          "position": "absolute",
          "right": 0,
          "top": 0,
        }
      }
      type="file"
    />
  </div>
</div>
`;

exports[`Uploader renders disabled 1`] = `
.c0 {
  position: relative;
  border: 2px dashed #dadfe1;
  border-radius: 4px;
  cursor: copy;
}

.c0.component--uploader-in-progress {
  cursor: wait;
}

.c0.component--uploader-done {
  cursor: default;
}

.c0 > div {
  position: absolute;
  top: 50%;
  left: 50%;
  -webkit-transform: translate(-50%,-50%);
  -ms-transform: translate(-50%,-50%);
  transform: translate(-50%,-50%);
}

.c0 > div img.icon {
  display: block;
  width: 48px;
  height: 48px;
  margin: 0 auto 0.25rem auto;
}

.c0 > div img.icon--in-progress {
  -webkit-animation: oscar-in-progress 4s linear infinite;
  animation: oscar-in-progress 4s linear infinite;
}

.c0 > div p {
  padding: 0.5rem 1rem 0.5rem 1rem;
  font-family: -apple-system,BlinkMacSystemFont,"Segoe UI",sans-serif;
  font-weight: 400;
  -webkit-text-size-adjust: 100%;
  text-size-adjust: 100%;
  -webkit-font-smoothing: antialiased;
  font-size: 90%;
  text-align: center;
  color: #6c7a89;
}

<div
  className="component--uploader c0"
>
  <div
    aria-disabled={false}
    className=""
    onClick={[Function]}
    onDragEnter={[Function]}
    onDragLeave={[Function]}
    onDragOver={[Function]}
    onDragStart={[Function]}
    onDrop={[Function]}
    style={
      Object {
        "position": "relative",
      }
    }
  >
    <div>
      <img
        alt=""
        className="icon"
        src="upload.svg"
      />
      <p>
        Drop a file here or touch to upload.
      </p>
    </div>
    <input
      accept="audio/wav"
      autoComplete="off"
      disabled={false}
      multiple={true}
      onChange={[Function]}
      style={
        Object {
          "bottom": 0,
          "left": 0,
          "opacity": 0.00001,
          "pointerEvents": "none",
          "position": "absolute",
          "right": 0,
          "top": 0,
        }
      }
      type="file"
    />
  </div>
</div>
`;
